Traceback (most recent call last):
  File "/home/vkeller/.local/pipx/venvs/jupyter-book/lib/python3.11/site-packages/jupyter_core/utils/__init__.py", line 154, in wrapped
    asyncio.get_running_loop()
RuntimeError: no running event loop

During handling of the above exception, another exception occurred:

Traceback (most recent call last):
  File "/home/vkeller/.local/pipx/venvs/jupyter-book/lib/python3.11/site-packages/jupyter_cache/executors/utils.py", line 58, in single_nb_execution
    executenb(
  File "/home/vkeller/.local/pipx/venvs/jupyter-book/lib/python3.11/site-packages/nbclient/client.py", line 1319, in execute
    return NotebookClient(nb=nb, resources=resources, km=km, **kwargs).execute()
           ^^^^^^^^^^^^^^^^^^^^^^^^^^^^^^^^^^^^^^^^^^^^^^^^^^^^^^^^^^^^^^^^^^^^^
  File "/home/vkeller/.local/pipx/venvs/jupyter-book/lib/python3.11/site-packages/jupyter_core/utils/__init__.py", line 158, in wrapped
    return loop.run_until_complete(inner)
           ^^^^^^^^^^^^^^^^^^^^^^^^^^^^^^
  File "/usr/lib/python3.11/asyncio/base_events.py", line 653, in run_until_complete
    return future.result()
           ^^^^^^^^^^^^^^^
  File "/home/vkeller/.local/pipx/venvs/jupyter-book/lib/python3.11/site-packages/nbclient/client.py", line 709, in async_execute
    await self.async_execute_cell(
  File "/home/vkeller/.local/pipx/venvs/jupyter-book/lib/python3.11/site-packages/nbclient/client.py", line 1062, in async_execute_cell
    await self._check_raise_for_error(cell, cell_index, exec_reply)
  File "/home/vkeller/.local/pipx/venvs/jupyter-book/lib/python3.11/site-packages/nbclient/client.py", line 918, in _check_raise_for_error
    raise CellExecutionError.from_cell_and_msg(cell, exec_reply_content)
nbclient.exceptions.CellExecutionError: An error occurred while executing the following cell:
------------------
# =====================================================================
# MISSION 3 : RECONSTRUIRE LE MANIFESTE ÉCOLOGIQUE
# =====================================================================
# Consignes :
# 1. Lancez le script et entrez le mot de passe trouvé à l'énigme 2.
# 2. Répondez à la question sur la complexité.
# 3. Corrigez l'erreur dans l'algorithme de tri pour décoder le message.
# =====================================================================

# --- ÉTAPE 1 : VÉRIFICATION DU MOT DE PASSE ---
mot_de_passe = input("Entrez le mot de passe secret de l'énigme 2 : ")

if mot_de_passe != "VERDURE":
    print("ACCÈS REFUSÉ. Le système s'est verrouillé.")
else:
    print("\n--- ACCÈS ACCÉPTÉ ---")
    print("Vérification de vos compétences en algorithmique...")
    
    # --- ÉTAPE 2 : QUESTION DE COMPLEXITÉ ---
    print("Ce programme utilise un tri à bulles (deux boucles imbriquées).")
    print("Quelle est sa complexité dans le pire des cas si la liste contient N éléments ?")
    print("Options disponibles : 'N', 'N^2', ou '1'")
    
    reponse = input("Votre réponse : ")
    
    if reponse != "N^2":
        print("Erreur d'analyse algorithmique. Fin du programme.")
    else:
        print("\n--- ANALYSE LOGIQUE CORRECTE ---")
        print("Début du processus de tri des données...")
        
        # Deux listes simples (les positions et les lettres correspondantes)
        # Le message d'origine est "ALERTE" mais il est complètement mélangé.
        positions = [5, 2, 6, 1, 4, 3]
        lettres = ["T", "L", "E", "A", "R", "E"]
        
        # Algorithme de tri à bulles pour remettre les positions dans l'ordre (1, 2, 3...)
        # ATTENTION : Il y a une erreur de logique ci-dessous ! Le tri se fait à l'envers.
        # Trouvez le symbole à changer pour trier du plus petit au plus grand.
        taille = 6
        for i in range(taille):
            for j in range(0, taille - i - 1):
                # L'erreur est sur la ligne juste en dessous :
                if positions[j] < positions[j+1]:
                    # On échange les positions
                    temporaire_pos = positions[j]
                    positions[j] = positions[j+1]
                    positions[j+1] = temporaire_pos
                    
                    # On échange AUSSI les lettres pour qu'elles suivent leur position
                    temporaire_lettre = lettres[j]
                    lettres[j] = lettres[j+1]
                    lettres[j+1] = temporaire_lettre
        
        # Reconstruction du message final sous forme de texte
        message_decode = ""
        for k in range(taille):
            message_decode = message_decode + lettres[k]
            
        print("\nRésultat du décodage :", message_decode)
------------------


[31m---------------------------------------------------------------------------[39m
[31mStdinNotImplementedError[39m                  Traceback (most recent call last)
[36mCell[39m[36m [39m[32mIn[1][39m[32m, line 11[39m
[32m      1[39m [38;5;66;03m# =====================================================================[39;00m
[32m      2[39m [38;5;66;03m# MISSION 3 : RECONSTRUIRE LE MANIFESTE ÉCOLOGIQUE[39;00m
[32m      3[39m [38;5;66;03m# =====================================================================[39;00m
[32m   (...)[39m[32m      9[39m 
[32m     10[39m [38;5;66;03m# --- ÉTAPE 1 : VÉRIFICATION DU MOT DE PASSE ---[39;00m
[32m---> [39m[32m11[39m mot_de_passe = [38;5;28;43minput[39;49m[43m([49m[33;43m"[39;49m[33;43mEntrez le mot de passe secret de l[39;49m[33;43m'[39;49m[33;43ménigme 2 : [39;49m[33;43m"[39;49m[43m)[49m
[32m     13[39m [38;5;28;01mif[39;00m mot_de_passe != [33m"[39m[33mVERDURE[39m[33m"[39m:
[32m     14[39m     [38;5;28mprint[39m([33m"[39m[33mACCÈS REFUSÉ. Le système s[39m[33m'[39m[33mest verrouillé.[39m[33m"[39m)

[36mFile [39m[32m~/.local/pipx/venvs/jupyter-book/lib/python3.11/site-packages/ipykernel/kernelbase.py:1274[39m, in [36mKernel.raw_input[39m[34m(self, prompt)[39m
[32m   1272[39m [38;5;28;01mif[39;00m [38;5;129;01mnot[39;00m [38;5;28mself[39m._allow_stdin:
[32m   1273[39m     msg = [33m"[39m[33mraw_input was called, but this frontend does not support input requests.[39m[33m"[39m
[32m-> [39m[32m1274[39m     [38;5;28;01mraise[39;00m StdinNotImplementedError(msg)
[32m   1275[39m [38;5;28;01mreturn[39;00m [38;5;28mself[39m._input_request(
[32m   1276[39m     [38;5;28mstr[39m(prompt),
[32m   1277[39m     [38;5;28mself[39m._parent_ident[[33m"[39m[33mshell[39m[33m"[39m],
[32m   1278[39m     [38;5;28mself[39m.get_parent([33m"[39m[33mshell[39m[33m"[39m),
[32m   1279[39m     password=[38;5;28;01mFalse[39;00m,
[32m   1280[39m )

[31mStdinNotImplementedError[39m: raw_input was called, but this frontend does not support input requests.

